Archive member included to satisfy reference by file (symbol)

c:/st/stm32cubeide_1.10.1/stm32cubeide/plugins/com.st.stm32cube.ide.mcu.externaltools.gnu-tools-for-stm32.10.3-2021.10.win32_1.0.0.202111181127/tools/bin/../lib/gcc/arm-none-eabi/10.3.1/../../../../arm-none-eabi/lib/thumb/v7e-m+fp/hard\libc_nano.a(lib_a-errno.o)
                              ./Core/Src/syscalls.o (__errno)
c:/st/stm32cubeide_1.10.1/stm32cubeide/plugins/com.st.stm32cube.ide.mcu.externaltools.gnu-tools-for-stm32.10.3-2021.10.win32_1.0.0.202111181127/tools/bin/../lib/gcc/arm-none-eabi/10.3.1/../../../../arm-none-eabi/lib/thumb/v7e-m+fp/hard\libc_nano.a(lib_a-exit.o)
                              c:/st/stm32cubeide_1.10.1/stm32cubeide/plugins/com.st.stm32cube.ide.mcu.externaltools.gnu-tools-for-stm32.10.3-2021.10.win32_1.0.0.202111181127/tools/bin/../lib/gcc/arm-none-eabi/10.3.1/../../../../arm-none-eabi/lib/thumb/v7e-m+fp/hard/crt0.o (exit)
c:/st/stm32cubeide_1.10.1/stm32cubeide/plugins/com.st.stm32cube.ide.mcu.externaltools.gnu-tools-for-stm32.10.3-2021.10.win32_1.0.0.202111181127/tools/bin/../lib/gcc/arm-none-eabi/10.3.1/../../../../arm-none-eabi/lib/thumb/v7e-m+fp/hard\libc_nano.a(lib_a-impure.o)
                              c:/st/stm32cubeide_1.10.1/stm32cubeide/plugins/com.st.stm32cube.ide.mcu.externaltools.gnu-tools-for-stm32.10.3-2021.10.win32_1.0.0.202111181127/tools/bin/../lib/gcc/arm-none-eabi/10.3.1/../../../../arm-none-eabi/lib/thumb/v7e-m+fp/hard\libc_nano.a(lib_a-exit.o) (_global_impure_ptr)
c:/st/stm32cubeide_1.10.1/stm32cubeide/plugins/com.st.stm32cube.ide.mcu.externaltools.gnu-tools-for-stm32.10.3-2021.10.win32_1.0.0.202111181127/tools/bin/../lib/gcc/arm-none-eabi/10.3.1/../../../../arm-none-eabi/lib/thumb/v7e-m+fp/hard\libc_nano.a(lib_a-init.o)
                              c:/st/stm32cubeide_1.10.1/stm32cubeide/plugins/com.st.stm32cube.ide.mcu.externaltools.gnu-tools-for-stm32.10.3-2021.10.win32_1.0.0.202111181127/tools/bin/../lib/gcc/arm-none-eabi/10.3.1/../../../../arm-none-eabi/lib/thumb/v7e-m+fp/hard/crt0.o (__libc_init_array)
c:/st/stm32cubeide_1.10.1/stm32cubeide/plugins/com.st.stm32cube.ide.mcu.externaltools.gnu-tools-for-stm32.10.3-2021.10.win32_1.0.0.202111181127/tools/bin/../lib/gcc/arm-none-eabi/10.3.1/../../../../arm-none-eabi/lib/thumb/v7e-m+fp/hard\libc_nano.a(lib_a-memcpy-stub.o)
                              ./Drivers/STM32H7xx_HAL_Driver/stm32h7xx_hal_fdcan.o (memcpy)
c:/st/stm32cubeide_1.10.1/stm32cubeide/plugins/com.st.stm32cube.ide.mcu.externaltools.gnu-tools-for-stm32.10.3-2021.10.win32_1.0.0.202111181127/tools/bin/../lib/gcc/arm-none-eabi/10.3.1/../../../../arm-none-eabi/lib/thumb/v7e-m+fp/hard\libc_nano.a(lib_a-memset.o)
                              c:/st/stm32cubeide_1.10.1/stm32cubeide/plugins/com.st.stm32cube.ide.mcu.externaltools.gnu-tools-for-stm32.10.3-2021.10.win32_1.0.0.202111181127/tools/bin/../lib/gcc/arm-none-eabi/10.3.1/../../../../arm-none-eabi/lib/thumb/v7e-m+fp/hard/crt0.o (memset)

Discarded input sections

 .text          0x0000000000000000        0x0 c:/st/stm32cubeide_1.10.1/stm32cubeide/plugins/com.st.stm32cube.ide.mcu.externaltools.gnu-tools-for-stm32.10.3-2021.10.win32_1.0.0.202111181127/tools/bin/../lib/gcc/arm-none-eabi/10.3.1/thumb/v7e-m+fp/hard/crti.o
 .data          0x0000000000000000        0x0 c:/st/stm32cubeide_1.10.1/stm32cubeide/plugins/com.st.stm32cube.ide.mcu.externaltools.gnu-tools-for-stm32.10.3-2021.10.win32_1.0.0.202111181127/tools/bin/../lib/gcc/arm-none-eabi/10.3.1/thumb/v7e-m+fp/hard/crti.o
 .bss           0x0000000000000000        0x0 c:/st/stm32cubeide_1.10.1/stm32cubeide/plugins/com.st.stm32cube.ide.mcu.externaltools.gnu-tools-for-stm32.10.3-2021.10.win32_1.0.0.202111181127/tools/bin/../lib/gcc/arm-none-eabi/10.3.1/thumb/v7e-m+fp/hard/crti.o
 .data          0x0000000000000000        0x4 c:/st/stm32cubeide_1.10.1/stm32cubeide/plugins/com.st.stm32cube.ide.mcu.externaltools.gnu-tools-for-stm32.10.3-2021.10.win32_1.0.0.202111181127/tools/bin/../lib/gcc/arm-none-eabi/10.3.1/thumb/v7e-m+fp/hard/crtbegin.o
 .rodata        0x0000000000000000       0x24 c:/st/stm32cubeide_1.10.1/stm32cubeide/plugins/com.st.stm32cube.ide.mcu.externaltools.gnu-tools-for-stm32.10.3-2021.10.win32_1.0.0.202111181127/tools/bin/../lib/gcc/arm-none-eabi/10.3.1/thumb/v7e-m+fp/hard/crtbegin.o
 .text          0x0000000000000000       0x7c c:/st/stm32cubeide_1.10.1/stm32cubeide/plugins/com.st.stm32cube.ide.mcu.externaltools.gnu-tools-for-stm32.10.3-2021.10.win32_1.0.0.202111181127/tools/bin/../lib/gcc/arm-none-eabi/10.3.1/../../../../arm-none-eabi/lib/thumb/v7e-m+fp/hard/crt0.o
 .data          0x0000000000000000        0x0 c:/st/stm32cubeide_1.10.1/stm32cubeide/plugins/com.st.stm32cube.ide.mcu.externaltools.gnu-tools-for-stm32.10.3-2021.10.win32_1.0.0.202111181127/tools/bin/../lib/gcc/arm-none-eabi/10.3.1/../../../../arm-none-eabi/lib/thumb/v7e-m+fp/hard/crt0.o
[...]
Memory Configuration

Name             Origin             Length             Attributes
FLASH            0x0000000008100000 0x0000000000100000 xr
RAM              0x0000000010000000 0x0000000000048000 xrw
*default*        0x0000000000000000 0xffffffffffffffff

Linker script and memory map

LOAD c:/st/stm32cubeide_1.10.1/stm32cubeide/plugins/com.st.stm32cube.ide.mcu.externaltools.gnu-tools-for-stm32.10.3-2021.10.win32_1.0.0.202111181127/tools/bin/../lib/gcc/arm-none-eabi/10.3.1/thumb/v7e-m+fp/hard/crti.o
LOAD c:/st/stm32cubeide_1.10.1/stm32cubeide/plugins/com.st.stm32cube.ide.mcu.externaltools.gnu-tools-for-stm32.10.3-2021.10.win32_1.0.0.202111181127/tools/bin/../lib/gcc/arm-none-eabi/10.3.1/thumb/v7e-m+fp/hard/crtbegin.o
LOAD c:/st/stm32cubeide_1.10.1/stm32cubeide/plugins/com.st.stm32cube.ide.mcu.externaltools.gnu-tools-for-stm32.10.3-2021.10.win32_1.0.0.202111181127/tools/bin/../lib/gcc/arm-none-eabi/10.3.1/../../../../arm-none-eabi/lib/thumb/v7e-m+fp/hard/crt0.o
LOAD ./Common/Src/system_stm32h7xx_dualcore_boot_cm4_cm7.o
LOAD ./Core/Src/fdcan.o
LOAD ./Core/Src/gpio.o
LOAD ./Core/Src/main.o
LOAD ./Core/Src/stm32h7xx_hal_msp.o
LOAD ./Core/Src/stm32h7xx_it.o
LOAD ./Core/Src/syscalls.o
LOAD ./Core/Src/sysmem.o
LOAD ./Core/Src/tim.o
LOAD ./Core/Startup/startup_stm32h755zitx.o
LOAD ./Drivers/STM32H7xx_HAL_Driver/stm32h7xx_hal.o
LOAD ./Drivers/STM32H7xx_HAL_Driver/stm32h7xx_hal_cortex.o
LOAD ./Drivers/STM32H7xx_HAL_Driver/stm32h7xx_hal_dma.o
LOAD ./Drivers/STM32H7xx_HAL_Driver/stm32h7xx_hal_dma_ex.o
LOAD ./Drivers/STM32H7xx_HAL_Driver/stm32h7xx_hal_exti.o
LOAD ./Drivers/STM32H7xx_HAL_Driver/stm32h7xx_hal_fdcan.o
LOAD ./Drivers/STM32H7xx_HAL_Driver/stm32h7xx_hal_flash.o
LOAD ./Drivers/STM32H7xx_HAL_Driver/stm32h7xx_hal_flash_ex.o
LOAD ./Drivers/STM32H7xx_HAL_Driver/stm32h7xx_hal_gpio.o
LOAD ./Drivers/STM32H7xx_HAL_Driver/stm32h7xx_hal_hsem.o
LOAD ./Drivers/STM32H7xx_HAL_Driver/stm32h7xx_hal_i2c.o
LOAD ./Drivers/STM32H7xx_HAL_Driver/stm32h7xx_hal_i2c_ex.o
LOAD ./Drivers/STM32H7xx_HAL_Driver/stm32h7xx_hal_mdma.o
LOAD ./Drivers/STM32H7xx_HAL_Driver/stm32h7xx_hal_pwr.o
LOAD ./Drivers/STM32H7xx_HAL_Driver/stm32h7xx_hal_pwr_ex.o
LOAD ./Drivers/STM32H7xx_HAL_Driver/stm32h7xx_hal_rcc.o
LOAD ./Drivers/STM32H7xx_HAL_Driver/stm32h7xx_hal_rcc_ex.o
LOAD ./Drivers/STM32H7xx_HAL_Driver/stm32h7xx_hal_tim.o
LOAD ./Drivers/STM32H7xx_HAL_Driver/stm32h7xx_hal_tim_ex.o
START GROUP
LOAD c:/st/stm32cubeide_1.10.1/stm32cubeide/plugins/com.st.stm32cube.ide.mcu.externaltools.gnu-tools-for-stm32.10.3-2021.10.win32_1.0.0.202111181127/tools/bin/../lib/gcc/arm-none-eabi/10.3.1/../../../../arm-none-eabi/lib/thumb/v7e-m+fp/hard\libc_nano.a
LOAD c:/st/stm32cubeide_1.10.1/stm32cubeide/plugins/com.st.stm32cube.ide.mcu.externaltools.gnu-tools-for-stm32.10.3-2021.10.win32_1.0.0.202111181127/tools/bin/../lib/gcc/arm-none-eabi/10.3.1/../../../../arm-none-eabi/lib/thumb/v7e-m+fp/hard\libm.a
END GROUP
START GROUP
LOAD c:/st/stm32cubeide_1.10.1/stm32cubeide/plugins/com.st.stm32cube.ide.mcu.externaltools.gnu-tools-for-stm32.10.3-2021.10.win32_1.0.0.202111181127/tools/bin/../lib/gcc/arm-none-eabi/10.3.1/thumb/v7e-m+fp/hard\libgcc.a
LOAD c:/st/stm32cubeide_1.10.1/stm32cubeide/plugins/com.st.stm32cube.ide.mcu.externaltools.gnu-tools-for-stm32.10.3-2021.10.win32_1.0.0.202111181127/tools/bin/../lib/gcc/arm-none-eabi/10.3.1/../../../../arm-none-eabi/lib/thumb/v7e-m+fp/hard\libc_nano.a
END GROUP
START GROUP
LOAD c:/st/stm32cubeide_1.10.1/stm32cubeide/plugins/com.st.stm32cube.ide.mcu.externaltools.gnu-tools-for-stm32.10.3-2021.10.win32_1.0.0.202111181127/tools/bin/../lib/gcc/arm-none-eabi/10.3.1/thumb/v7e-m+fp/hard\libgcc.a
LOAD c:/st/stm32cubeide_1.10.1/stm32cubeide/plugins/com.st.stm32cube.ide.mcu.externaltools.gnu-tools-for-stm32.10.3-2021.10.win32_1.0.0.202111181127/tools/bin/../lib/gcc/arm-none-eabi/10.3.1/../../../../arm-none-eabi/lib/thumb/v7e-m+fp/hard\libc_nano.a
LOAD c:/st/stm32cubeide_1.10.1/stm32cubeide/plugins/com.st.stm32cube.ide.mcu.externaltools.gnu-tools-for-stm32.10.3-2021.10.win32_1.0.0.202111181127/tools/bin/../lib/gcc/arm-none-eabi/10.3.1/../../../../arm-none-eabi/lib/thumb/v7e-m+fp/hard\libnosys.a
END GROUP
START GROUP
LOAD c:/st/stm32cubeide_1.10.1/stm32cubeide/plugins/com.st.stm32cube.ide.mcu.externaltools.gnu-tools-for-stm32.10.3-2021.10.win32_1.0.0.202111181127/tools/bin/../lib/gcc/arm-none-eabi/10.3.1/thumb/v7e-m+fp/hard\libgcc.a
LOAD c:/st/stm32cubeide_1.10.1/stm32cubeide/plugins/com.st.stm32cube.ide.mcu.externaltools.gnu-tools-for-stm32.10.3-2021.10.win32_1.0.0.202111181127/tools/bin/../lib/gcc/arm-none-eabi/10.3.1/../../../../arm-none-eabi/lib/thumb/v7e-m+fp/hard\libc_nano.a
LOAD c:/st/stm32cubeide_1.10.1/stm32cubeide/plugins/com.st.stm32cube.ide.mcu.externaltools.gnu-tools-for-stm32.10.3-2021.10.win32_1.0.0.202111181127/tools/bin/../lib/gcc/arm-none-eabi/10.3.1/../../../../arm-none-eabi/lib/thumb/v7e-m+fp/hard\libnosys.a
END GROUP
LOAD c:/st/stm32cubeide_1.10.1/stm32cubeide/plugins/com.st.stm32cube.ide.mcu.externaltools.gnu-tools-for-stm32.10.3-2021.10.win32_1.0.0.202111181127/tools/bin/../lib/gcc/arm-none-eabi/10.3.1/thumb/v7e-m+fp/hard/crtend.o
LOAD c:/st/stm32cubeide_1.10.1/stm32cubeide/plugins/com.st.stm32cube.ide.mcu.externaltools.gnu-tools-for-stm32.10.3-2021.10.win32_1.0.0.202111181127/tools/bin/../lib/gcc/arm-none-eabi/10.3.1/thumb/v7e-m+fp/hard/crtn.o
                0x0000000010048000                _estack = 0x10048000
                0x0000000000000200                _Min_Heap_Size = 0x200
                0x0000000000000400                _Min_Stack_Size = 0x400

.isr_vector     0x0000000008100000      0x298
                0x0000000008100000                . = ALIGN (0x4)
 *(.isr_vector)
 .isr_vector    0x0000000008100000      0x298 ./Core/Startup/startup_stm32h755zitx.o
                0x0000000008100000                g_pfnVectors
                0x0000000008100298                . = ALIGN (0x4)

.text           0x0000000008100298     0x2164
                0x0000000008100298                . = ALIGN (0x4)
 *(.text)
 .text          0x0000000008100298       0x40 c:/st/stm32cubeide_1.10.1/stm32cubeide/plugins/com.st.stm32cube.ide.mcu.externaltools.gnu-tools-for-stm32.10.3-2021.10.win32_1.0.0.202111181127/tools/bin/../lib/gcc/arm-none-eabi/10.3.1/thumb/v7e-m+fp/hard/crtbegin.o
 *(.text*)
 .text.SystemInit
                0x00000000081002d8       0x38 ./Common/Src/system_stm32h7xx_dualcore_boot_cm4_cm7.o
                0x00000000081002d8                SystemInit
 .text.MX_GPIO_Init
                0x0000000008100310       0xf8 ./Core/Src/gpio.o
                0x0000000008100310                MX_GPIO_Init
 .text.main     0x0000000008100408      0x4d0 ./Core/Src/main.o
                0x0000000008100408                main
 .text.HAL_HSEM_FreeCallback
                0x00000000081008d8       0x34 ./Core/Src/main.o
                0x00000000081008d8                HAL_HSEM_FreeCallback
 .text.Error_Handler
                0x000000000810090c        0xa ./Core/Src/main.o
                0x000000000810090c                Error_Handler
 *fill*         0x0000000008100916        0x2 
 .text.HAL_MspInit
                0x0000000008100918       0x50 ./Core/Src/stm32h7xx_hal_msp.o
                0x0000000008100918                HAL_MspInit
 .text.NMI_Handler
                0x0000000008100968        0x6 ./Core/Src/stm32h7xx_it.o
                0x0000000008100968                NMI_Handler
 .text.HardFault_Handler
                0x000000000810096e        0x6 ./Core/Src/stm32h7xx_it.o
                0x000000000810096e                HardFault_Handler
 .text.MemManage_Handler
                0x0000000008100974        0x6 ./Core/Src/stm32h7xx_it.o
                0x0000000008100974                MemManage_Handler
 .text.BusFault_Handler
                0x000000000810097a        0x6 ./Core/Src/stm32h7xx_it.o
                0x000000000810097a                BusFault_Handler
 .text.UsageFault_Handler
                0x0000000008100980        0x6 ./Core/Src/stm32h7xx_it.o
                0x0000000008100980                UsageFault_Handler
 .text.SVC_Handler
                0x0000000008100986        0xe ./Core/Src/stm32h7xx_it.o
                0x0000000008100986                SVC_Handler
 .text.DebugMon_Handler
                0x0000000008100994        0xe ./Core/Src/stm32h7xx_it.o
                0x0000000008100994                DebugMon_Handler
 .text.PendSV_Handler
                0x00000000081009a2        0xe ./Core/Src/stm32h7xx_it.o
                0x00000000081009a2                PendSV_Handler
 .text.SysTick_Handler
                0x00000000081009b0        0xc ./Core/Src/stm32h7xx_it.o
                0x00000000081009b0                SysTick_Handler
 .text.TIM8_UP_TIM13_IRQHandler
                0x00000000081009bc       0x60 ./Core/Src/stm32h7xx_it.o
                0x00000000081009bc                TIM8_UP_TIM13_IRQHandler
 .text.CM7_SEV_IRQHandler
                0x0000000008100a1c        0xe ./Core/Src/stm32h7xx_it.o
                0x0000000008100a1c                CM7_SEV_IRQHandler
 .text.HSEM2_IRQHandler
                0x0000000008100a2a        0xc ./Core/Src/stm32h7xx_it.o
                0x0000000008100a2a                HSEM2_IRQHandler
 *fill*         0x0000000008100a36        0x2 
 .text.MX_TIM13_Init
                0x0000000008100a38       0x90 ./Core/Src/tim.o
                0x0000000008100a38                MX_TIM13_Init
 .text.HAL_TIM_Base_MspInit
                0x0000000008100ac8       0xa4 ./Core/Src/tim.o
                0x0000000008100ac8                HAL_TIM_Base_MspInit
 .text.Reset_Handler
                0x0000000008100b6c       0x50 ./Core/Startup/startup_stm32h755zitx.o
                0x0000000008100b6c                Reset_Handler
 .text.Default_Handler
                0x0000000008100bbc        0x2 ./Core/Startup/startup_stm32h755zitx.o
                0x0000000008100bbc                RTC_Alarm_IRQHandler
                0x0000000008100bbc                HASH_RNG_IRQHandler
                0x0000000008100bbc                EXTI2_IRQHandler
                0x0000000008100bbc                TIM8_CC_IRQHandler
                0x0000000008100bbc                HRTIM1_Master_IRQHandler
                0x0000000008100bbc                UART8_IRQHandler
                0x0000000008100bbc                SPI4_IRQHandler
                0x0000000008100bbc                TIM1_CC_IRQHandler
                0x0000000008100bbc                BDMA_Channel6_IRQHandler
                0x0000000008100bbc                DMA2_Stream5_IRQHandler
                0x0000000008100bbc                HRTIM1_FLT_IRQHandler
                0x0000000008100bbc                JPEG_IRQHandler
                0x0000000008100bbc                DMA1_Stream5_IRQHandler
                0x0000000008100bbc                BDMA_Channel1_IRQHandler
                0x0000000008100bbc                HRTIM1_TIMD_IRQHandler
                0x0000000008100bbc                TAMP_STAMP_IRQHandler
                0x0000000008100bbc                EXTI3_IRQHandler
                0x0000000008100bbc                LPTIM4_IRQHandler
                0x0000000008100bbc                TIM8_TRG_COM_TIM14_IRQHandler
                0x0000000008100bbc                LPTIM2_IRQHandler
                0x0000000008100bbc                DFSDM1_FLT1_IRQHandler
                0x0000000008100bbc                DMAMUX2_OVR_IRQHandler
                0x0000000008100bbc                I2C3_ER_IRQHandler
                0x0000000008100bbc                DFSDM1_FLT2_IRQHandler
                0x0000000008100bbc                MDMA_IRQHandler
                0x0000000008100bbc                LPTIM3_IRQHandler
                0x0000000008100bbc                HSEM1_IRQHandler
                0x0000000008100bbc                EXTI0_IRQHandler
                0x0000000008100bbc                I2C2_EV_IRQHandler
                0x0000000008100bbc                DMA1_Stream2_IRQHandler
                0x0000000008100bbc                FPU_IRQHandler
                0x0000000008100bbc                OTG_HS_WKUP_IRQHandler
                0x0000000008100bbc                FDCAN1_IT1_IRQHandler
                0x0000000008100bbc                LTDC_ER_IRQHandler
                0x0000000008100bbc                DMA2_Stream2_IRQHandler
                0x0000000008100bbc                HRTIM1_TIME_IRQHandler
                0x0000000008100bbc                SPI1_IRQHandler
                0x0000000008100bbc                TIM6_DAC_IRQHandler
                0x0000000008100bbc                DCMI_IRQHandler
                0x0000000008100bbc                HRTIM1_TIMC_IRQHandler
                0x0000000008100bbc                DMA2_Stream3_IRQHandler
                0x0000000008100bbc                SAI2_IRQHandler
                0x0000000008100bbc                DFSDM1_FLT3_IRQHandler
                0x0000000008100bbc                USART6_IRQHandler
                0x0000000008100bbc                TIM17_IRQHandler
                0x0000000008100bbc                USART3_IRQHandler
                0x0000000008100bbc                BDMA_Channel7_IRQHandler
                0x0000000008100bbc                CRYP_IRQHandler
                0x0000000008100bbc                LPTIM5_IRQHandler
                0x0000000008100bbc                UART5_IRQHandler
                0x0000000008100bbc                ADC3_IRQHandler
                0x0000000008100bbc                DMA2_Stream0_IRQHandler
                0x0000000008100bbc                TIM4_IRQHandler
                0x0000000008100bbc                BDMA_Channel2_IRQHandler
                0x0000000008100bbc                QUADSPI_IRQHandler
                0x0000000008100bbc                I2C1_EV_IRQHandler
                0x0000000008100bbc                DMA1_Stream6_IRQHandler
                0x0000000008100bbc                DMAMUX1_OVR_IRQHandler
                0x0000000008100bbc                DMA1_Stream1_IRQHandler
                0x0000000008100bbc                TIM16_IRQHandler
                0x0000000008100bbc                UART4_IRQHandler
                0x0000000008100bbc                BDMA_Channel5_IRQHandler
                0x0000000008100bbc                TIM3_IRQHandler
                0x0000000008100bbc                RCC_IRQHandler
                0x0000000008100bbc                TIM8_BRK_TIM12_IRQHandler
                0x0000000008100bbc                TIM1_TRG_COM_IRQHandler
                0x0000000008100bbc                Default_Handler
                0x0000000008100bbc                ECC_IRQHandler
                0x0000000008100bbc                CEC_IRQHandler
                0x0000000008100bbc                EXTI15_10_IRQHandler
                0x0000000008100bbc                BDMA_Channel0_IRQHandler
                0x0000000008100bbc                ADC_IRQHandler
                0x0000000008100bbc                DMA1_Stream7_IRQHandler
                0x0000000008100bbc                HRTIM1_TIMA_IRQHandler
                0x0000000008100bbc                SPI5_IRQHandler
                0x0000000008100bbc                TIM7_IRQHandler
                0x0000000008100bbc                SDMMC1_IRQHandler
                0x0000000008100bbc                TIM5_IRQHandler
                0x0000000008100bbc                DMA2_Stream7_IRQHandler
                0x0000000008100bbc                TIM15_IRQHandler
                0x0000000008100bbc                PVD_AVD_IRQHandler
                0x0000000008100bbc                I2C3_EV_IRQHandler
                0x0000000008100bbc                EXTI9_5_IRQHandler
                0x0000000008100bbc                RTC_WKUP_IRQHandler
                0x0000000008100bbc                LTDC_IRQHandler
                0x0000000008100bbc                SAI3_IRQHandler
                0x0000000008100bbc                ETH_WKUP_IRQHandler
                0x0000000008100bbc                SPDIF_RX_IRQHandler
                0x0000000008100bbc                SPI2_IRQHandler
                0x0000000008100bbc                OTG_HS_EP1_IN_IRQHandler
                0x0000000008100bbc                DMA1_Stream0_IRQHandler
                0x0000000008100bbc                CRS_IRQHandler
                0x0000000008100bbc                EXTI4_IRQHandler
                0x0000000008100bbc                CM4_SEV_IRQHandler
                0x0000000008100bbc                HRTIM1_TIMB_IRQHandler
                0x0000000008100bbc                FDCAN2_IT1_IRQHandler
                0x0000000008100bbc                ETH_IRQHandler
                0x0000000008100bbc                TIM1_UP_IRQHandler
                0x0000000008100bbc                WWDG_RST_IRQHandler
                0x0000000008100bbc                BDMA_Channel4_IRQHandler
                0x0000000008100bbc                OTG_HS_EP1_OUT_IRQHandler
                0x0000000008100bbc                WWDG_IRQHandler
                0x0000000008100bbc                SPI6_IRQHandler
                0x0000000008100bbc                MDIOS_IRQHandler
                0x0000000008100bbc                I2C4_EV_IRQHandler
                0x0000000008100bbc                FDCAN2_IT0_IRQHandler
                0x0000000008100bbc                LPUART1_IRQHandler
                0x0000000008100bbc                FDCAN1_IT0_IRQHandler
                0x0000000008100bbc                TIM2_IRQHandler
                0x0000000008100bbc                OTG_FS_WKUP_IRQHandler
                0x0000000008100bbc                OTG_HS_IRQHandler
                0x0000000008100bbc                DMA2D_IRQHandler
                0x0000000008100bbc                TIM1_BRK_IRQHandler
                0x0000000008100bbc                EXTI1_IRQHandler
                0x0000000008100bbc                SDMMC2_IRQHandler
                0x0000000008100bbc                OTG_FS_EP1_OUT_IRQHandler
                0x0000000008100bbc                BDMA_Channel3_IRQHandler
                0x0000000008100bbc                HOLD_CORE_IRQHandler
                0x0000000008100bbc                UART7_IRQHandler
                0x0000000008100bbc                MDIOS_WKUP_IRQHandler
                0x0000000008100bbc                USART2_IRQHandler
                0x0000000008100bbc                DFSDM1_FLT0_IRQHandler
                0x0000000008100bbc                SAI4_IRQHandler
                0x0000000008100bbc                I2C2_ER_IRQHandler
                0x0000000008100bbc                DMA2_Stream1_IRQHandler
                0x0000000008100bbc                FLASH_IRQHandler
                0x0000000008100bbc                DMA2_Stream4_IRQHandler
                0x0000000008100bbc                USART1_IRQHandler
                0x0000000008100bbc                OTG_FS_IRQHandler
                0x0000000008100bbc                SPI3_IRQHandler
                0x0000000008100bbc                WAKEUP_PIN_IRQHandler
                0x0000000008100bbc                DMA1_Stream4_IRQHandler
                0x0000000008100bbc                OTG_FS_EP1_IN_IRQHandler
                0x0000000008100bbc                I2C1_ER_IRQHandler
                0x0000000008100bbc                FMC_IRQHandler
                0x0000000008100bbc                FDCAN_CAL_IRQHandler
                0x0000000008100bbc                SWPMI1_IRQHandler
                0x0000000008100bbc                COMP1_IRQHandler
                0x0000000008100bbc                LPTIM1_IRQHandler
                0x0000000008100bbc                I2C4_ER_IRQHandler
                0x0000000008100bbc                DMA2_Stream6_IRQHandler
                0x0000000008100bbc                SAI1_IRQHandler
                0x0000000008100bbc                DMA1_Stream3_IRQHandler
 *fill*         0x0000000008100bbe        0x2 
 .text.HAL_Init
                0x0000000008100bc0       0xbc ./Drivers/STM32H7xx_HAL_Driver/stm32h7xx_hal.o
                0x0000000008100bc0                HAL_Init
 .text.HAL_InitTick
                0x0000000008100c7c       0x6c ./Drivers/STM32H7xx_HAL_Driver/stm32h7xx_hal.o
                0x0000000008100c7c                HAL_InitTick
 .text.HAL_IncTick
                0x0000000008100ce8       0x28 ./Drivers/STM32H7xx_HAL_Driver/stm32h7xx_hal.o
                0x0000000008100ce8                HAL_IncTick
 .text.HAL_GetTick
                0x0000000008100d10       0x18 ./Drivers/STM32H7xx_HAL_Driver/stm32h7xx_hal.o
                0x0000000008100d10                HAL_GetTick
 .text.__NVIC_SetPriorityGrouping
                0x0000000008100d28       0x48 ./Drivers/STM32H7xx_HAL_Driver/stm32h7xx_hal_cortex.o
 .text.__NVIC_GetPriorityGrouping
                0x0000000008100d70       0x1c ./Drivers/STM32H7xx_HAL_Driver/stm32h7xx_hal_cortex.o
 .text.__NVIC_EnableIRQ
                0x0000000008100d8c       0x3c ./Drivers/STM32H7xx_HAL_Driver/stm32h7xx_hal_cortex.o
 .text.__NVIC_SetPriority
                0x0000000008100dc8       0x54 ./Drivers/STM32H7xx_HAL_Driver/stm32h7xx_hal_cortex.o
 .text.NVIC_EncodePriority
                0x0000000008100e1c       0x66 ./Drivers/STM32H7xx_HAL_Driver/stm32h7xx_hal_cortex.o
 *fill*         0x0000000008100e82        0x2 
 .text.SysTick_Config
                0x0000000008100e84       0x44 ./Drivers/STM32H7xx_HAL_Driver/stm32h7xx_hal_cortex.o
 .text.HAL_NVIC_SetPriorityGrouping
                0x0000000008100ec8       0x16 ./Drivers/STM32H7xx_HAL_Driver/stm32h7xx_hal_cortex.o
                0x0000000008100ec8                HAL_NVIC_SetPriorityGrouping
 .text.HAL_NVIC_SetPriority
                0x0000000008100ede       0x34 ./Drivers/STM32H7xx_HAL_Driver/stm32h7xx_hal_cortex.o
                0x0000000008100ede                HAL_NVIC_SetPriority
 .text.HAL_NVIC_EnableIRQ
                0x0000000008100f12       0x1c ./Drivers/STM32H7xx_HAL_Driver/stm32h7xx_hal_cortex.o
                0x0000000008100f12                HAL_NVIC_EnableIRQ
 .text.HAL_SYSTICK_Config
                0x0000000008100f2e       0x18 ./Drivers/STM32H7xx_HAL_Driver/stm32h7xx_hal_cortex.o
                0x0000000008100f2e                HAL_SYSTICK_Config
 *fill*         0x0000000008100f46        0x2 
 .text.HAL_GetCurrentCPUID
                0x0000000008100f48       0x28 ./Drivers/STM32H7xx_HAL_Driver/stm32h7xx_hal_cortex.o
                0x0000000008100f48                HAL_GetCurrentCPUID
 .text.HAL_GPIO_Init
                0x0000000008100f70      0x360 ./Drivers/STM32H7xx_HAL_Driver/stm32h7xx_hal_gpio.o
                0x0000000008100f70                HAL_GPIO_Init
 .text.HAL_GPIO_WritePin
                0x00000000081012d0       0x32 ./Drivers/STM32H7xx_HAL_Driver/stm32h7xx_hal_gpio.o
                0x00000000081012d0                HAL_GPIO_WritePin
 *fill*         0x0000000008101302        0x2 
 .text.HAL_HSEM_Take
                0x0000000008101304       0x48 ./Drivers/STM32H7xx_HAL_Driver/stm32h7xx_hal_hsem.o
                0x0000000008101304                HAL_HSEM_Take
 .text.HAL_HSEM_Release
                0x000000000810134c       0x28 ./Drivers/STM32H7xx_HAL_Driver/stm32h7xx_hal_hsem.o
                0x000000000810134c                HAL_HSEM_Release
 .text.HAL_HSEM_ActivateNotification
                0x0000000008101374       0x24 ./Drivers/STM32H7xx_HAL_Driver/stm32h7xx_hal_hsem.o
                0x0000000008101374                HAL_HSEM_ActivateNotification
 .text.HAL_HSEM_IRQHandler
                0x0000000008101398       0x34 ./Drivers/STM32H7xx_HAL_Driver/stm32h7xx_hal_hsem.o
                0x0000000008101398                HAL_HSEM_IRQHandler
 .text.HAL_PWREx_EnterSTOPMode
                0x00000000081013cc       0xf4 ./Drivers/STM32H7xx_HAL_Driver/stm32h7xx_hal_pwr_ex.o
                0x00000000081013cc                HAL_PWREx_EnterSTOPMode
 .text.HAL_PWREx_ClearPendingEvent
                0x00000000081014c0       0x1a ./Drivers/STM32H7xx_HAL_Driver/stm32h7xx_hal_pwr_ex.o
                0x00000000081014c0                HAL_PWREx_ClearPendingEvent
 *fill*         0x00000000081014da        0x2 
 .text.HAL_RCC_GetSysClockFreq
                0x00000000081014dc      0x2f4 ./Drivers/STM32H7xx_HAL_Driver/stm32h7xx_hal_rcc.o
                0x00000000081014dc                HAL_RCC_GetSysClockFreq
 .text.HAL_TIM_Base_Init
                0x00000000081017d0       0xae ./Drivers/STM32H7xx_HAL_Driver/stm32h7xx_hal_tim.o
                0x00000000081017d0                HAL_TIM_Base_Init
 *fill*         0x000000000810187e        0x2 
 .text.HAL_TIM_Base_Start_IT
                0x0000000008101880       0x6c ./Drivers/STM32H7xx_HAL_Driver/stm32h7xx_hal_tim.o
                0x0000000008101880                HAL_TIM_Base_Start_IT
 .text.HAL_TIM_IC_Init
                0x00000000081018ec       0xae ./Drivers/STM32H7xx_HAL_Driver/stm32h7xx_hal_tim.o
                0x00000000081018ec                HAL_TIM_IC_Init
 .text.HAL_TIM_IC_MspInit
                0x000000000810199a       0x14 ./Drivers/STM32H7xx_HAL_Driver/stm32h7xx_hal_tim.o
                0x000000000810199a                HAL_TIM_IC_MspInit
 *fill*         0x00000000081019ae        0x2 
 .text.HAL_TIM_IC_Start_IT
                0x00000000081019b0      0x210 ./Drivers/STM32H7xx_HAL_Driver/stm32h7xx_hal_tim.o
                0x00000000081019b0                HAL_TIM_IC_Start_IT
 .text.HAL_TIM_IRQHandler
                0x0000000008101bc0      0x23e ./Drivers/STM32H7xx_HAL_Driver/stm32h7xx_hal_tim.o
                0x0000000008101bc0                HAL_TIM_IRQHandler
 .text.HAL_TIM_IC_ConfigChannel
                0x0000000008101dfe      0x128 ./Drivers/STM32H7xx_HAL_Driver/stm32h7xx_hal_tim.o
                0x0000000008101dfe                HAL_TIM_IC_ConfigChannel
 .text.HAL_TIM_PeriodElapsedCallback
                0x0000000008101f26       0x14 ./Drivers/STM32H7xx_HAL_Driver/stm32h7xx_hal_tim.o
                0x0000000008101f26                HAL_TIM_PeriodElapsedCallback
 .text.HAL_TIM_OC_DelayElapsedCallback
                0x0000000008101f3a       0x14 ./Drivers/STM32H7xx_HAL_Driver/stm32h7xx_hal_tim.o
                0x0000000008101f3a                HAL_TIM_OC_DelayElapsedCallback
 .text.HAL_TIM_IC_CaptureCallback
                0x0000000008101f4e       0x14 ./Drivers/STM32H7xx_HAL_Driver/stm32h7xx_hal_tim.o
                0x0000000008101f4e                HAL_TIM_IC_CaptureCallback
 .text.HAL_TIM_PWM_PulseFinishedCallback
                0x0000000008101f62       0x14 ./Drivers/STM32H7xx_HAL_Driver/stm32h7xx_hal_tim.o
                0x0000000008101f62                HAL_TIM_PWM_PulseFinishedCallback
 .text.HAL_TIM_TriggerCallback
                0x0000000008101f76       0x14 ./Drivers/STM32H7xx_HAL_Driver/stm32h7xx_hal_tim.o
                0x0000000008101f76                HAL_TIM_TriggerCallback
 *fill*         0x0000000008101f8a        0x2 
 .text.TIM_Base_SetConfig
                0x0000000008101f8c      0x134 ./Drivers/STM32H7xx_HAL_Driver/stm32h7xx_hal_tim.o
                0x0000000008101f8c                TIM_Base_SetConfig
 .text.TIM_TI1_SetConfig
                0x00000000081020c0       0xe8 ./Drivers/STM32H7xx_HAL_Driver/stm32h7xx_hal_tim.o
                0x00000000081020c0                TIM_TI1_SetConfig
 .text.TIM_TI2_SetConfig
                0x00000000081021a8       0x7a ./Drivers/STM32H7xx_HAL_Driver/stm32h7xx_hal_tim.o
 .text.TIM_TI3_SetConfig
                0x0000000008102222       0x78 ./Drivers/STM32H7xx_HAL_Driver/stm32h7xx_hal_tim.o
 .text.TIM_TI4_SetConfig
                0x000000000810229a       0x7a ./Drivers/STM32H7xx_HAL_Driver/stm32h7xx_hal_tim.o
 .text.TIM_CCxChannelCmd
                0x0000000008102314       0x4a ./Drivers/STM32H7xx_HAL_Driver/stm32h7xx_hal_tim.o
                0x0000000008102314                TIM_CCxChannelCmd
 .text.HAL_TIMEx_CommutCallback
                0x000000000810235e       0x14 ./Drivers/STM32H7xx_HAL_Driver/stm32h7xx_hal_tim_ex.o
                0x000000000810235e                HAL_TIMEx_CommutCallback
 .text.HAL_TIMEx_BreakCallback
                0x0000000008102372       0x14 ./Drivers/STM32H7xx_HAL_Driver/stm32h7xx_hal_tim_ex.o
                0x0000000008102372                HAL_TIMEx_BreakCallback
 .text.HAL_TIMEx_Break2Callback
                0x0000000008102386       0x14 ./Drivers/STM32H7xx_HAL_Driver/stm32h7xx_hal_tim_ex.o
                0x0000000008102386                HAL_TIMEx_Break2Callback
 *fill*         0x000000000810239a        0x2 
 .text.__libc_init_array
                0x000000000810239c       0x48 c:/st/stm32cubeide_1.10.1/stm32cubeide/plugins/com.st.stm32cube.ide.mcu.externaltools.gnu-tools-for-stm32.10.3-2021.10.win32_1.0.0.202111181127/tools/bin/../lib/gcc/arm-none-eabi/10.3.1/../../../../arm-none-eabi/lib/thumb/v7e-m+fp/hard\libc_nano.a(lib_a-init.o)
                0x000000000810239c                __libc_init_array
 *(.glue_7)
 .glue_7        0x00000000081023e4        0x0 linker stubs
 *(.glue_7t)
 .glue_7t       0x00000000081023e4        0x0 linker stubs
 *(.eh_frame)
 .eh_frame      0x00000000081023e4        0x0 c:/st/stm32cubeide_1.10.1/stm32cubeide/plugins/com.st.stm32cube.ide.mcu.externaltools.gnu-tools-for-stm32.10.3-2021.10.win32_1.0.0.202111181127/tools/bin/../lib/gcc/arm-none-eabi/10.3.1/thumb/v7e-m+fp/hard/crtbegin.o
 *(.init)
 .init          0x00000000081023e4        0x4 c:/st/stm32cubeide_1.10.1/stm32cubeide/plugins/com.st.stm32cube.ide.mcu.externaltools.gnu-tools-for-stm32.10.3-2021.10.win32_1.0.0.202111181127/tools/bin/../lib/gcc/arm-none-eabi/10.3.1/thumb/v7e-m+fp/hard/crti.o
                0x00000000081023e4                _init
 .init          0x00000000081023e8        0x8 c:/st/stm32cubeide_1.10.1/stm32cubeide/plugins/com.st.stm32cube.ide.mcu.externaltools.gnu-tools-for-stm32.10.3-2021.10.win32_1.0.0.202111181127/tools/bin/../lib/gcc/arm-none-eabi/10.3.1/thumb/v7e-m+fp/hard/crtn.o
 *(.fini)
 .fini          0x00000000081023f0        0x4 c:/st/stm32cubeide_1.10.1/stm32cubeide/plugins/com.st.stm32cube.ide.mcu.externaltools.gnu-tools-for-stm32.10.3-2021.10.win32_1.0.0.202111181127/tools/bin/../lib/gcc/arm-none-eabi/10.3.1/thumb/v7e-m+fp/hard/crti.o
                0x00000000081023f0                _fini
 .fini          0x00000000081023f4        0x8 c:/st/stm32cubeide_1.10.1/stm32cubeide/plugins/com.st.stm32cube.ide.mcu.externaltools.gnu-tools-for-stm32.10.3-2021.10.win32_1.0.0.202111181127/tools/bin/../lib/gcc/arm-none-eabi/10.3.1/thumb/v7e-m+fp/hard/crtn.o
                0x00000000081023fc                . = ALIGN (0x4)
                0x00000000081023fc                _etext = .

.vfp11_veneer   0x00000000081023fc        0x0
 .vfp11_veneer  0x00000000081023fc        0x0 linker stubs

.v4_bx          0x00000000081023fc        0x0
 .v4_bx         0x00000000081023fc        0x0 linker stubs

.iplt           0x00000000081023fc        0x0
 .iplt          0x00000000081023fc        0x0 c:/st/stm32cubeide_1.10.1/stm32cubeide/plugins/com.st.stm32cube.ide.mcu.externaltools.gnu-tools-for-stm32.10.3-2021.10.win32_1.0.0.202111181127/tools/bin/../lib/gcc/arm-none-eabi/10.3.1/thumb/v7e-m+fp/hard/crtbegin.o

.rodata         0x00000000081023fc       0x10
                0x00000000081023fc                . = ALIGN (0x4)
 *(.rodata)
 *(.rodata*)
 .rodata.D1CorePrescTable
                0x00000000081023fc       0x10 ./Common/Src/system_stm32h7xx_dualcore_boot_cm4_cm7.o
                0x00000000081023fc                D1CorePrescTable
                0x000000000810240c                . = ALIGN (0x4)

.rel.dyn        0x000000000810240c        0x0
 .rel.iplt      0x000000000810240c        0x0 c:/st/stm32cubeide_1.10.1/stm32cubeide/plugins/com.st.stm32cube.ide.mcu.externaltools.gnu-tools-for-stm32.10.3-2021.10.win32_1.0.0.202111181127/tools/bin/../lib/gcc/arm-none-eabi/10.3.1/thumb/v7e-m+fp/hard/crtbegin.o

.ARM.extab
 *(.ARM.extab* .gnu.linkonce.armextab.*)

.ARM            0x000000000810240c        0x0
                0x000000000810240c                __exidx_start = .
 *(.ARM.exidx*)
                0x000000000810240c                __exidx_end = .

.preinit_array  0x000000000810240c        0x0
                0x000000000810240c                PROVIDE (__preinit_array_start = .)
 *(.preinit_array*)
                0x000000000810240c                PROVIDE (__preinit_array_end = .)

.init_array     0x000000000810240c        0x4
                0x000000000810240c                PROVIDE (__init_array_start = .)
 *(SORT_BY_NAME(.init_array.*))
 *(.init_array*)
 .init_array    0x000000000810240c        0x4 c:/st/stm32cubeide_1.10.1/stm32cubeide/plugins/com.st.stm32cube.ide.mcu.externaltools.gnu-tools-for-stm32.10.3-2021.10.win32_1.0.0.202111181127/tools/bin/../lib/gcc/arm-none-eabi/10.3.1/thumb/v7e-m+fp/hard/crtbegin.o
                0x0000000008102410                PROVIDE (__init_array_end = .)

.fini_array     0x0000000008102410        0x4
                [!provide]                        PROVIDE (__fini_array_start = .)
 *(SORT_BY_NAME(.fini_array.*))
 *(.fini_array*)
 .fini_array    0x0000000008102410        0x4 c:/st/stm32cubeide_1.10.1/stm32cubeide/plugins/com.st.stm32cube.ide.mcu.externaltools.gnu-tools-for-stm32.10.3-2021.10.win32_1.0.0.202111181127/tools/bin/../lib/gcc/arm-none-eabi/10.3.1/thumb/v7e-m+fp/hard/crtbegin.o
                [!provide]                        PROVIDE (__fini_array_end = .)
                0x0000000008102414                _sidata = LOADADDR (.data)

.data           0x0000000010000000       0x44 load address 0x0000000008102414
                0x0000000010000000                . = ALIGN (0x4)
                0x0000000010000000                _sdata = .
 *(.data)
 *(.data*)
 .data.SystemCoreClock
                0x0000000010000000        0x4 ./Common/Src/system_stm32h7xx_dualcore_boot_cm4_cm7.o
                0x0000000010000000                SystemCoreClock
 .data.SystemD2Clock
                0x0000000010000004        0x4 ./Common/Src/system_stm32h7xx_dualcore_boot_cm4_cm7.o
                0x0000000010000004                SystemD2Clock
 .data.engine   0x0000000010000008       0x34 ./Core/Src/main.o
                0x0000000010000008                engine
 .data.uwTickPrio
                0x000000001000003c        0x4 ./Drivers/STM32H7xx_HAL_Driver/stm32h7xx_hal.o
                0x000000001000003c                uwTickPrio
 .data.uwTickFreq
                0x0000000010000040        0x1 ./Drivers/STM32H7xx_HAL_Driver/stm32h7xx_hal.o
                0x0000000010000040                uwTickFreq
 *(.RamFunc)
 *(.RamFunc*)
                0x0000000010000044                . = ALIGN (0x4)
 *fill*         0x0000000010000041        0x3 
                0x0000000010000044                _edata = .

.igot.plt       0x0000000010000044        0x0 load address 0x0000000008102458
 .igot.plt      0x0000000010000044        0x0 c:/st/stm32cubeide_1.10.1/stm32cubeide/plugins/com.st.stm32cube.ide.mcu.externaltools.gnu-tools-for-stm32.10.3-2021.10.win32_1.0.0.202111181127/tools/bin/../lib/gcc/arm-none-eabi/10.3.1/thumb/v7e-m+fp/hard/crtbegin.o
                0x0000000010000044                . = ALIGN (0x4)

.bss            0x0000000010000044       0x78 load address 0x0000000008102458
                0x0000000010000044                _sbss = .
                0x0000000010000044                __bss_start__ = _sbss
 *(.bss)
 .bss           0x0000000010000044       0x1c c:/st/stm32cubeide_1.10.1/stm32cubeide/plugins/com.st.stm32cube.ide.mcu.externaltools.gnu-tools-for-stm32.10.3-2021.10.win32_1.0.0.202111181127/tools/bin/../lib/gcc/arm-none-eabi/10.3.1/thumb/v7e-m+fp/hard/crtbegin.o
 *(.bss*)
 .bss.src       0x0000000010000060        0x4 ./Core/Src/main.o
                0x0000000010000060                src
 .bss.engine_struct_size
                0x0000000010000064        0x4 ./Core/Src/main.o
                0x0000000010000064                engine_struct_size
 .bss.count.0   0x0000000010000068        0x4 ./Core/Src/stm32h7xx_it.o
 .bss.htim13    0x000000001000006c       0x4c ./Core/Src/tim.o
                0x000000001000006c                htim13
 .bss.uwTick    0x00000000100000b8        0x4 ./Drivers/STM32H7xx_HAL_Driver/stm32h7xx_hal.o
                0x00000000100000b8                uwTick
 *(COMMON)
                0x00000000100000bc                . = ALIGN (0x4)
                0x00000000100000bc                _ebss = .
                0x00000000100000bc                __bss_end__ = _ebss

._user_heap_stack
                0x00000000100000bc      0x604 load address 0x0000000008102458
                0x00000000100000c0                . = ALIGN (0x8)
 *fill*         0x00000000100000bc        0x4 
                [!provide]                        PROVIDE (end = .)
                0x00000000100000c0                PROVIDE (_end = .)
                0x00000000100002c0                . = (. + _Min_Heap_Size)
 *fill*         0x00000000100000c0      0x200 
                0x00000000100006c0                . = (. + _Min_Stack_Size)
 *fill*         0x00000000100002c0      0x400 
                0x00000000100006c0                . = ALIGN (0x8)

/DISCARD/
 libc.a(*)
 libm.a(*)
 libgcc.a(*)

.ARM.attributes
                0x0000000000000000       0x30
 *(.ARM.attributes)
 .ARM.attributes
                0x0000000000000000       0x1e c:/st/stm32cubeide_1.10.1/stm32cubeide/plugins/com.st.stm32cube.ide.mcu.externaltools.gnu-tools-for-stm32.10.3-2021.10.win32_1.0.0.202111181127/tools/bin/../lib/gcc/arm-none-eabi/10.3.1/thumb/v7e-m+fp/hard/crti.o
 .ARM.attributes
                0x000000000000001e       0x34 c:/st/stm32cubeide_1.10.1/stm32cubeide/plugins/com.st.stm32cube.ide.mcu.externaltools.gnu-tools-for-stm32.10.3-2021.10.win32_1.0.0.202111181127/tools/bin/../lib/gcc/arm-none-eabi/10.3.1/thumb/v7e-m+fp/hard/crtbegin.o
 .ARM.attributes
                0x0000000000000052       0x34 ./Common/Src/system_stm32h7xx_dualcore_boot_cm4_cm7.o
 .ARM.attributes
                0x0000000000000086       0x34 ./Core/Src/gpio.o
 .ARM.attributes
                0x00000000000000ba       0x34 ./Core/Src/main.o
 .ARM.attributes
                0x00000000000000ee       0x34 ./Core/Src/stm32h7xx_hal_msp.o
 .ARM.attributes
                0x0000000000000122       0x34 ./Core/Src/stm32h7xx_it.o
 .ARM.attributes
                0x0000000000000156       0x34 ./Core/Src/tim.o
 .ARM.attributes
                0x000000000000018a       0x21 ./Core/Startup/startup_stm32h755zitx.o
 .ARM.attributes
                0x00000000000001ab       0x34 ./Drivers/STM32H7xx_HAL_Driver/stm32h7xx_hal.o
 .ARM.attributes
                0x00000000000001df       0x34 ./Drivers/STM32H7xx_HAL_Driver/stm32h7xx_hal_cortex.o
 .ARM.attributes
                0x0000000000000213       0x34 ./Drivers/STM32H7xx_HAL_Driver/stm32h7xx_hal_gpio.o
 .ARM.attributes
                0x0000000000000247       0x34 ./Drivers/STM32H7xx_HAL_Driver/stm32h7xx_hal_hsem.o
 .ARM.attributes
                0x000000000000027b       0x34 ./Drivers/STM32H7xx_HAL_Driver/stm32h7xx_hal_pwr_ex.o
 .ARM.attributes
                0x00000000000002af       0x34 ./Drivers/STM32H7xx_HAL_Driver/stm32h7xx_hal_rcc.o
 .ARM.attributes
                0x00000000000002e3       0x34 ./Drivers/STM32H7xx_HAL_Driver/stm32h7xx_hal_tim.o
 .ARM.attributes
                0x0000000000000317       0x34 ./Drivers/STM32H7xx_HAL_Driver/stm32h7xx_hal_tim_ex.o
 .ARM.attributes
                0x000000000000034b       0x34 c:/st/stm32cubeide_1.10.1/stm32cubeide/plugins/com.st.stm32cube.ide.mcu.externaltools.gnu-tools-for-stm32.10.3-2021.10.win32_1.0.0.202111181127/tools/bin/../lib/gcc/arm-none-eabi/10.3.1/../../../../arm-none-eabi/lib/thumb/v7e-m+fp/hard\libc_nano.a(lib_a-init.o)
 .ARM.attributes
                0x000000000000037f       0x1e c:/st/stm32cubeide_1.10.1/stm32cubeide/plugins/com.st.stm32cube.ide.mcu.externaltools.gnu-tools-for-stm32.10.3-2021.10.win32_1.0.0.202111181127/tools/bin/../lib/gcc/arm-none-eabi/10.3.1/thumb/v7e-m+fp/hard/crtn.o
OUTPUT(MOWER_HSV_SUPERVISOR_CM4.elf elf32-littlearm)
LOAD linker stubs
LOAD c:/st/stm32cubeide_1.10.1/stm32cubeide/plugins/com.st.stm32cube.ide.mcu.externaltools.gnu-tools-for-stm32.10.3-2021.10.win32_1.0.0.202111181127/tools/bin/../lib/gcc/arm-none-eabi/10.3.1/../../../../arm-none-eabi/lib/thumb/v7e-m+fp/hard\libc.a
LOAD c:/st/stm32cubeide_1.10.1/stm32cubeide/plugins/com.st.stm32cube.ide.mcu.externaltools.gnu-tools-for-stm32.10.3-2021.10.win32_1.0.0.202111181127/tools/bin/../lib/gcc/arm-none-eabi/10.3.1/../../../../arm-none-eabi/lib/thumb/v7e-m+fp/hard\libm.a
LOAD c:/st/stm32cubeide_1.10.1/stm32cubeide/plugins/com.st.stm32cube.ide.mcu.externaltools.gnu-tools-for-stm32.10.3-2021.10.win32_1.0.0.202111181127/tools/bin/../lib/gcc/arm-none-eabi/10.3.1/thumb/v7e-m+fp/hard\libgcc.a

.debug_info     0x0000000000000000     0xe88e
 .debug_info    0x0000000000000000      0x779 ./Common/Src/system_stm32h7xx_dualcore_boot_cm4_cm7.o
 .debug_info    0x0000000000000779      0x66f ./Core/Src/gpio.o
 .debug_info    0x0000000000000de8     0x14a6 ./Core/Src/main.o
 .debug_info    0x000000000000228e      0x88b ./Core/Src/stm32h7xx_hal_msp.o
 .debug_info    0x0000000000002b19      0xcb0 ./Core/Src/stm32h7xx_it.o
 .debug_info    0x00000000000037c9     0x1267 ./Core/Src/tim.o
 .debug_info    0x0000000000004a30       0x22 ./Core/Startup/startup_stm32h755zitx.o
 .debug_info    0x0000000000004a52     0x18b7 ./Drivers/STM32H7xx_HAL_Driver/stm32h7xx_hal.o
 .debug_info    0x0000000000006309      0xfb2 ./Drivers/STM32H7xx_HAL_Driver/stm32h7xx_hal_cortex.o
 .debug_info    0x00000000000072bb      0xdd0 ./Drivers/STM32H7xx_HAL_Driver/stm32h7xx_hal_gpio.o
 .debug_info    0x000000000000808b      0x3fd ./Drivers/STM32H7xx_HAL_Driver/stm32h7xx_hal_hsem.o
 .debug_info    0x0000000000008488     0x1039 ./Drivers/STM32H7xx_HAL_Driver/stm32h7xx_hal_pwr_ex.o
 .debug_info    0x00000000000094c1      0xf49 ./Drivers/STM32H7xx_HAL_Driver/stm32h7xx_hal_rcc.o
 .debug_info    0x000000000000a40a     0x2c60 ./Drivers/STM32H7xx_HAL_Driver/stm32h7xx_hal_tim.o
 .debug_info    0x000000000000d06a     0x1824 ./Drivers/STM32H7xx_HAL_Driver/stm32h7xx_hal_tim_ex.o

.debug_abbrev   0x0000000000000000     0x1ef2
 .debug_abbrev  0x0000000000000000      0x136 ./Common/Src/system_stm32h7xx_dualcore_boot_cm4_cm7.o
 .debug_abbrev  0x0000000000000136      0x166 ./Core/Src/gpio.o
 .debug_abbrev  0x000000000000029c      0x34d ./Core/Src/main.o
 .debug_abbrev  0x00000000000005e9      0x11b ./Core/Src/stm32h7xx_hal_msp.o
 .debug_abbrev  0x0000000000000704      0x213 ./Core/Src/stm32h7xx_it.o
 .debug_abbrev  0x0000000000000917      0x21c ./Core/Src/tim.o
 .debug_abbrev  0x0000000000000b33       0x12 ./Core/Startup/startup_stm32h755zitx.o
 .debug_abbrev  0x0000000000000b45      0x292 ./Drivers/STM32H7xx_HAL_Driver/stm32h7xx_hal.o
 .debug_abbrev  0x0000000000000dd7      0x329 ./Drivers/STM32H7xx_HAL_Driver/stm32h7xx_hal_cortex.o
 .debug_abbrev  0x0000000000001100      0x1ec ./Drivers/STM32H7xx_HAL_Driver/stm32h7xx_hal_gpio.o
 .debug_abbrev  0x00000000000012ec      0x1d0 ./Drivers/STM32H7xx_HAL_Driver/stm32h7xx_hal_hsem.o
 .debug_abbrev  0x00000000000014bc      0x2bc ./Drivers/STM32H7xx_HAL_Driver/stm32h7xx_hal_pwr_ex.o
 .debug_abbrev  0x0000000000001778      0x2b8 ./Drivers/STM32H7xx_HAL_Driver/stm32h7xx_hal_rcc.o
 .debug_abbrev  0x0000000000001a30      0x25d ./Drivers/STM32H7xx_HAL_Driver/stm32h7xx_hal_tim.o
 .debug_abbrev  0x0000000000001c8d      0x265 ./Drivers/STM32H7xx_HAL_Driver/stm32h7xx_hal_tim_ex.o

.debug_aranges  0x0000000000000000      0xcd8
 .debug_aranges
                0x0000000000000000       0x28 ./Common/Src/system_stm32h7xx_dualcore_boot_cm4_cm7.o
 .debug_aranges
                0x0000000000000028       0x20 ./Core/Src/gpio.o
 .debug_aranges
                0x0000000000000048       0x38 ./Core/Src/main.o
 .debug_aranges
                0x0000000000000080       0x20 ./Core/Src/stm32h7xx_hal_msp.o
 .debug_aranges
                0x00000000000000a0       0x78 ./Core/Src/stm32h7xx_it.o
 .debug_aranges
                0x0000000000000118       0x30 ./Core/Src/tim.o
 .debug_aranges
                0x0000000000000148       0x28 ./Core/Startup/startup_stm32h755zitx.o
 .debug_aranges
                0x0000000000000170      0x220 ./Drivers/STM32H7xx_HAL_Driver/stm32h7xx_hal.o
 .debug_aranges
                0x0000000000000390      0x120 ./Drivers/STM32H7xx_HAL_Driver/stm32h7xx_hal_cortex.o
 .debug_aranges
                0x00000000000004b0       0x58 ./Drivers/STM32H7xx_HAL_Driver/stm32h7xx_hal_gpio.o
 .debug_aranges
                0x0000000000000508       0x70 ./Drivers/STM32H7xx_HAL_Driver/stm32h7xx_hal_hsem.o
 .debug_aranges
                0x0000000000000578      0x170 ./Drivers/STM32H7xx_HAL_Driver/stm32h7xx_hal_pwr_ex.o
 .debug_aranges
                0x00000000000006e8       0x88 ./Drivers/STM32H7xx_HAL_Driver/stm32h7xx_hal_rcc.o
 .debug_aranges
                0x0000000000000770      0x3e0 ./Drivers/STM32H7xx_HAL_Driver/stm32h7xx_hal_tim.o
 .debug_aranges
                0x0000000000000b50      0x188 ./Drivers/STM32H7xx_HAL_Driver/stm32h7xx_hal_tim_ex.o

.debug_ranges   0x0000000000000000      0xbf0
 .debug_ranges  0x0000000000000000       0x18 ./Common/Src/system_stm32h7xx_dualcore_boot_cm4_cm7.o
 .debug_ranges  0x0000000000000018       0x10 ./Core/Src/gpio.o
 .debug_ranges  0x0000000000000028       0x28 ./Core/Src/main.o
 .debug_ranges  0x0000000000000050       0x10 ./Core/Src/stm32h7xx_hal_msp.o
 .debug_ranges  0x0000000000000060       0x68 ./Core/Src/stm32h7xx_it.o
 .debug_ranges  0x00000000000000c8       0x20 ./Core/Src/tim.o
 .debug_ranges  0x00000000000000e8       0x20 ./Core/Startup/startup_stm32h755zitx.o
 .debug_ranges  0x0000000000000108      0x210 ./Drivers/STM32H7xx_HAL_Driver/stm32h7xx_hal.o
 .debug_ranges  0x0000000000000318      0x110 ./Drivers/STM32H7xx_HAL_Driver/stm32h7xx_hal_cortex.o
 .debug_ranges  0x0000000000000428       0x48 ./Drivers/STM32H7xx_HAL_Driver/stm32h7xx_hal_gpio.o
 .debug_ranges  0x0000000000000470       0x60 ./Drivers/STM32H7xx_HAL_Driver/stm32h7xx_hal_hsem.o
 .debug_ranges  0x00000000000004d0      0x160 ./Drivers/STM32H7xx_HAL_Driver/stm32h7xx_hal_pwr_ex.o
 .debug_ranges  0x0000000000000630       0x78 ./Drivers/STM32H7xx_HAL_Driver/stm32h7xx_hal_rcc.o
 .debug_ranges  0x00000000000006a8      0x3d0 ./Drivers/STM32H7xx_HAL_Driver/stm32h7xx_hal_tim.o
 .debug_ranges  0x0000000000000a78      0x178 ./Drivers/STM32H7xx_HAL_Driver/stm32h7xx_hal_tim_ex.o

.debug_macro    0x0000000000000000    0x39c1a
 .debug_macro   0x0000000000000000      0x2be ./Common/Src/system_stm32h7xx_dualcore_boot_cm4_cm7.o
 .debug_macro   0x00000000000002be      0xa7e ./Common/Src/system_stm32h7xx_dualcore_boot_cm4_cm7.o
 .debug_macro   0x0000000000000d3c      0x238 ./Common/Src/system_stm32h7xx_dualcore_boot_cm4_cm7.o
 .debug_macro   0x0000000000000f74       0x2e ./Common/Src/system_stm32h7xx_dualcore_boot_cm4_cm7.o
 .debug_macro   0x0000000000000fa2       0x3b ./Common/Src/system_stm32h7xx_dualcore_boot_cm4_cm7.o
 .debug_macro   0x0000000000000fdd       0x22 ./Common/Src/system_stm32h7xx_dualcore_boot_cm4_cm7.o
 .debug_macro   0x0000000000000fff       0x8e ./Common/Src/system_stm32h7xx_dualcore_boot_cm4_cm7.o
 .debug_macro   0x000000000000108d       0x51 ./Common/Src/system_stm32h7xx_dualcore_boot_cm4_cm7.o
 .debug_macro   0x00000000000010de      0x103 ./Common/Src/system_stm32h7xx_dualcore_boot_cm4_cm7.o
 .debug_macro   0x00000000000011e1       0x6a ./Common/Src/system_stm32h7xx_dualcore_boot_cm4_cm7.o
 .debug_macro   0x000000000000124b      0x1df ./Common/Src/system_stm32h7xx_dualcore_boot_cm4_cm7.o
 .debug_macro   0x000000000000142a       0x1c ./Common/Src/system_stm32h7xx_dualcore_boot_cm4_cm7.o
 .debug_macro   0x0000000000001446       0x22 ./Common/Src/system_stm32h7xx_dualcore_boot_cm4_cm7.o
 .debug_macro   0x0000000000001468       0xd9 ./Common/Src/system_stm32h7xx_dualcore_boot_cm4_cm7.o
 .debug_macro   0x0000000000001541     0x102d ./Common/Src/system_stm32h7xx_dualcore_boot_cm4_cm7.o
 .debug_macro   0x000000000000256e      0x11f ./Common/Src/system_stm32h7xx_dualcore_boot_cm4_cm7.o
 .debug_macro   0x000000000000268d    0x26e86 ./Common/Src/system_stm32h7xx_dualcore_boot_cm4_cm7.o
 .debug_macro   0x0000000000029513       0x43 ./Common/Src/system_stm32h7xx_dualcore_boot_cm4_cm7.o
 .debug_macro   0x0000000000029556     0x3cd3 ./Common/Src/system_stm32h7xx_dualcore_boot_cm4_cm7.o
 .debug_macro   0x000000000002d229      0x174 ./Common/Src/system_stm32h7xx_dualcore_boot_cm4_cm7.o
 .debug_macro   0x000000000002d39d       0x52 ./Common/Src/system_stm32h7xx_dualcore_boot_cm4_cm7.o
 .debug_macro   0x000000000002d3ef       0x1e ./Common/Src/system_stm32h7xx_dualcore_boot_cm4_cm7.o
 .debug_macro   0x000000000002d40d       0x3c ./Common/Src/system_stm32h7xx_dualcore_boot_cm4_cm7.o
 .debug_macro   0x000000000002d449       0x34 ./Common/Src/system_stm32h7xx_dualcore_boot_cm4_cm7.o
 .debug_macro   0x000000000002d47d       0x16 ./Common/Src/system_stm32h7xx_dualcore_boot_cm4_cm7.o
 .debug_macro   0x000000000002d493       0x43 ./Common/Src/system_stm32h7xx_dualcore_boot_cm4_cm7.o
 .debug_macro   0x000000000002d4d6       0x34 ./Common/Src/system_stm32h7xx_dualcore_boot_cm4_cm7.o
 .debug_macro   0x000000000002d50a       0x10 ./Common/Src/system_stm32h7xx_dualcore_boot_cm4_cm7.o
 .debug_macro   0x000000000002d51a       0x58 ./Common/Src/system_stm32h7xx_dualcore_boot_cm4_cm7.o
 .debug_macro   0x000000000002d572       0x71 ./Common/Src/system_stm32h7xx_dualcore_boot_cm4_cm7.o
 .debug_macro   0x000000000002d5e3       0x1c ./Common/Src/system_stm32h7xx_dualcore_boot_cm4_cm7.o
 .debug_macro   0x000000000002d5ff      0x12a ./Common/Src/system_stm32h7xx_dualcore_boot_cm4_cm7.o
 .debug_macro   0x000000000002d729      0x341 ./Common/Src/system_stm32h7xx_dualcore_boot_cm4_cm7.o
 .debug_macro   0x000000000002da6a      0x19b ./Common/Src/system_stm32h7xx_dualcore_boot_cm4_cm7.o
 .debug_macro   0x000000000002dc05       0x54 ./Common/Src/system_stm32h7xx_dualcore_boot_cm4_cm7.o
 .debug_macro   0x000000000002dc59     0x3b99 ./Common/Src/system_stm32h7xx_dualcore_boot_cm4_cm7.o
 .debug_macro   0x00000000000317f2     0x104f ./Common/Src/system_stm32h7xx_dualcore_boot_cm4_cm7.o
 .debug_macro   0x0000000000032841      0x138 ./Common/Src/system_stm32h7xx_dualcore_boot_cm4_cm7.o
 .debug_macro   0x0000000000032979      0x133 ./Common/Src/system_stm32h7xx_dualcore_boot_cm4_cm7.o
 .debug_macro   0x0000000000032aac      0x3be ./Common/Src/system_stm32h7xx_dualcore_boot_cm4_cm7.o
 .debug_macro   0x0000000000032e6a       0x27 ./Common/Src/system_stm32h7xx_dualcore_boot_cm4_cm7.o
 .debug_macro   0x0000000000032e91      0x72d ./Common/Src/system_stm32h7xx_dualcore_boot_cm4_cm7.o
 .debug_macro   0x00000000000335be      0x229 ./Common/Src/system_stm32h7xx_dualcore_boot_cm4_cm7.o
 .debug_macro   0x00000000000337e7       0x66 ./Common/Src/system_stm32h7xx_dualcore_boot_cm4_cm7.o
 .debug_macro   0x000000000003384d      0x3bb ./Common/Src/system_stm32h7xx_dualcore_boot_cm4_cm7.o
 .debug_macro   0x0000000000033c08      0x408 ./Common/Src/system_stm32h7xx_dualcore_boot_cm4_cm7.o
 .debug_macro   0x0000000000034010      0x244 ./Common/Src/system_stm32h7xx_dualcore_boot_cm4_cm7.o
 .debug_macro   0x0000000000034254      0xe34 ./Common/Src/system_stm32h7xx_dualcore_boot_cm4_cm7.o
 .debug_macro   0x0000000000035088      0x3cb ./Common/Src/system_stm32h7xx_dualcore_boot_cm4_cm7.o
 .debug_macro   0x0000000000035453      0x4b7 ./Common/Src/system_stm32h7xx_dualcore_boot_cm4_cm7.o
 .debug_macro   0x000000000003590a       0x51 ./Common/Src/system_stm32h7xx_dualcore_boot_cm4_cm7.o
 .debug_macro   0x000000000003595b       0x4a ./Common/Src/system_stm32h7xx_dualcore_boot_cm4_cm7.o
 .debug_macro   0x00000000000359a5      0x22c ./Common/Src/system_stm32h7xx_dualcore_boot_cm4_cm7.o
 .debug_macro   0x0000000000035bd1       0x64 ./Common/Src/system_stm32h7xx_dualcore_boot_cm4_cm7.o
 .debug_macro   0x0000000000035c35       0xa5 ./Common/Src/system_stm32h7xx_dualcore_boot_cm4_cm7.o
 .debug_macro   0x0000000000035cda      0x219 ./Common/Src/system_stm32h7xx_dualcore_boot_cm4_cm7.o
 .debug_macro   0x0000000000035ef3      0x2eb ./Common/Src/system_stm32h7xx_dualcore_boot_cm4_cm7.o
 .debug_macro   0x00000000000361de       0x35 ./Common/Src/system_stm32h7xx_dualcore_boot_cm4_cm7.o
 .debug_macro   0x0000000000036213      0xad7 ./Common/Src/system_stm32h7xx_dualcore_boot_cm4_cm7.o
 .debug_macro   0x0000000000036cea      0x2a0 ./Common/Src/system_stm32h7xx_dualcore_boot_cm4_cm7.o
 .debug_macro   0x0000000000036f8a      0x798 ./Common/Src/system_stm32h7xx_dualcore_boot_cm4_cm7.o
 .debug_macro   0x0000000000037722       0x46 ./Common/Src/system_stm32h7xx_dualcore_boot_cm4_cm7.o
 .debug_macro   0x0000000000037768       0x2a ./Common/Src/system_stm32h7xx_dualcore_boot_cm4_cm7.o
 .debug_macro   0x0000000000037792      0x2c6 ./Core/Src/gpio.o
 .debug_macro   0x0000000000037a58      0x2e0 ./Core/Src/main.o
 .debug_macro   0x0000000000037d38      0x2b8 ./Core/Src/stm32h7xx_hal_msp.o
 .debug_macro   0x0000000000037ff0      0x2c2 ./Core/Src/stm32h7xx_it.o
 .debug_macro   0x00000000000382b2      0x2c6 ./Core/Src/tim.o
 .debug_macro   0x0000000000038578      0x2e2 ./Drivers/STM32H7xx_HAL_Driver/stm32h7xx_hal.o
 .debug_macro   0x000000000003885a      0x2b8 ./Drivers/STM32H7xx_HAL_Driver/stm32h7xx_hal_cortex.o
 .debug_macro   0x0000000000038b12      0x302 ./Drivers/STM32H7xx_HAL_Driver/stm32h7xx_hal_gpio.o
 .debug_macro   0x0000000000038e14      0x2ca ./Drivers/STM32H7xx_HAL_Driver/stm32h7xx_hal_hsem.o
 .debug_macro   0x00000000000390de      0x2f0 ./Drivers/STM32H7xx_HAL_Driver/stm32h7xx_hal_pwr_ex.o
 .debug_macro   0x00000000000393ce      0x2dc ./Drivers/STM32H7xx_HAL_Driver/stm32h7xx_hal_rcc.o
 .debug_macro   0x00000000000396aa      0x2b8 ./Drivers/STM32H7xx_HAL_Driver/stm32h7xx_hal_tim.o
 .debug_macro   0x0000000000039962      0x2b8 ./Drivers/STM32H7xx_HAL_Driver/stm32h7xx_hal_tim_ex.o

.debug_line     0x0000000000000000     0xef38
 .debug_line    0x0000000000000000      0xa35 ./Common/Src/system_stm32h7xx_dualcore_boot_cm4_cm7.o
 .debug_line    0x0000000000000a35      0x8bf ./Core/Src/gpio.o
 .debug_line    0x00000000000012f4      0xae4 ./Core/Src/main.o
 .debug_line    0x0000000000001dd8      0x899 ./Core/Src/stm32h7xx_hal_msp.o
 .debug_line    0x0000000000002671      0x9b3 ./Core/Src/stm32h7xx_it.o
 .debug_line    0x0000000000003024      0x913 ./Core/Src/tim.o
 .debug_line    0x0000000000003937       0x87 ./Core/Startup/startup_stm32h755zitx.o
 .debug_line    0x00000000000039be     0x1060 ./Drivers/STM32H7xx_HAL_Driver/stm32h7xx_hal.o
 .debug_line    0x0000000000004a1e      0xeaa ./Drivers/STM32H7xx_HAL_Driver/stm32h7xx_hal_cortex.o
 .debug_line    0x00000000000058c8      0xd71 ./Drivers/STM32H7xx_HAL_Driver/stm32h7xx_hal_gpio.o
 .debug_line    0x0000000000006639      0xa60 ./Drivers/STM32H7xx_HAL_Driver/stm32h7xx_hal_hsem.o
 .debug_line    0x0000000000007099     0x10a9 ./Drivers/STM32H7xx_HAL_Driver/stm32h7xx_hal_pwr_ex.o
 .debug_line    0x0000000000008142     0x13ed ./Drivers/STM32H7xx_HAL_Driver/stm32h7xx_hal_rcc.o
 .debug_line    0x000000000000952f     0x3c06 ./Drivers/STM32H7xx_HAL_Driver/stm32h7xx_hal_tim.o
 .debug_line    0x000000000000d135     0x1e03 ./Drivers/STM32H7xx_HAL_Driver/stm32h7xx_hal_tim_ex.o

.debug_str      0x0000000000000000   0x183a6b
 .debug_str     0x0000000000000000   0x17f105 ./Common/Src/system_stm32h7xx_dualcore_boot_cm4_cm7.o
                                     0x17f547 (size before relaxing)
 .debug_str     0x000000000017f105       0xeb ./Core/Src/gpio.o
                                     0x17f48f (size before relaxing)
 .debug_str     0x000000000017f1f0      0x9c5 ./Core/Src/main.o
                                     0x17ff32 (size before relaxing)
 .debug_str     0x000000000017fbb5      0x85c ./Core/Src/stm32h7xx_hal_msp.o
                                     0x17fc64 (size before relaxing)
 .debug_str     0x0000000000180411      0x133 ./Core/Src/stm32h7xx_it.o
                                     0x17fb88 (size before relaxing)
 .debug_str     0x0000000000180544       0xd5 ./Core/Src/tim.o
                                     0x180463 (size before relaxing)
 .debug_str     0x0000000000180619       0x36 ./Core/Startup/startup_stm32h755zitx.o
                                         0x94 (size before relaxing)
 .debug_str     0x000000000018064f      0xb3b ./Drivers/STM32H7xx_HAL_Driver/stm32h7xx_hal.o
                                     0x18091c (size before relaxing)
 .debug_str     0x000000000018118a      0x397 ./Drivers/STM32H7xx_HAL_Driver/stm32h7xx_hal_cortex.o
                                     0x17ffed (size before relaxing)
 .debug_str     0x0000000000181521      0x242 ./Drivers/STM32H7xx_HAL_Driver/stm32h7xx_hal_gpio.o
                                     0x17f854 (size before relaxing)
 .debug_str     0x0000000000181763      0x1a3 ./Drivers/STM32H7xx_HAL_Driver/stm32h7xx_hal_hsem.o
                                     0x17f40a (size before relaxing)
 .debug_str     0x0000000000181906      0x6ed ./Drivers/STM32H7xx_HAL_Driver/stm32h7xx_hal_pwr_ex.o
                                     0x17fbcf (size before relaxing)
 .debug_str     0x0000000000181ff3      0x557 ./Drivers/STM32H7xx_HAL_Driver/stm32h7xx_hal_rcc.o
                                     0x17fb00 (size before relaxing)
 .debug_str     0x000000000018254a      0xe92 ./Drivers/STM32H7xx_HAL_Driver/stm32h7xx_hal_tim.o
                                     0x18087c (size before relaxing)
 .debug_str     0x00000000001833dc      0x68f ./Drivers/STM32H7xx_HAL_Driver/stm32h7xx_hal_tim_ex.o
                                     0x1801dd (size before relaxing)

.comment        0x0000000000000000       0x50
 .comment       0x0000000000000000       0x50 ./Common/Src/system_stm32h7xx_dualcore_boot_cm4_cm7.o
                                         0x51 (size before relaxing)
 .comment       0x0000000000000050       0x51 ./Core/Src/gpio.o
 .comment       0x0000000000000050       0x51 ./Core/Src/main.o
 .comment       0x0000000000000050       0x51 ./Core/Src/stm32h7xx_hal_msp.o
 .comment       0x0000000000000050       0x51 ./Core/Src/stm32h7xx_it.o
 .comment       0x0000000000000050       0x51 ./Core/Src/tim.o
 .comment       0x0000000000000050       0x51 ./Drivers/STM32H7xx_HAL_Driver/stm32h7xx_hal.o
 .comment       0x0000000000000050       0x51 ./Drivers/STM32H7xx_HAL_Driver/stm32h7xx_hal_cortex.o
 .comment       0x0000000000000050       0x51 ./Drivers/STM32H7xx_HAL_Driver/stm32h7xx_hal_gpio.o
 .comment       0x0000000000000050       0x51 ./Drivers/STM32H7xx_HAL_Driver/stm32h7xx_hal_hsem.o
 .comment       0x0000000000000050       0x51 ./Drivers/STM32H7xx_HAL_Driver/stm32h7xx_hal_pwr_ex.o
 .comment       0x0000000000000050       0x51 ./Drivers/STM32H7xx_HAL_Driver/stm32h7xx_hal_rcc.o
 .comment       0x0000000000000050       0x51 ./Drivers/STM32H7xx_HAL_Driver/stm32h7xx_hal_tim.o
 .comment       0x0000000000000050       0x51 ./Drivers/STM32H7xx_HAL_Driver/stm32h7xx_hal_tim_ex.o

.debug_frame    0x0000000000000000     0x34b4
 .debug_frame   0x0000000000000000       0x58 ./Common/Src/system_stm32h7xx_dualcore_boot_cm4_cm7.o
 .debug_frame   0x0000000000000058       0x34 ./Core/Src/gpio.o
 .debug_frame   0x000000000000008c       0x94 ./Core/Src/main.o
 .debug_frame   0x0000000000000120       0x34 ./Core/Src/stm32h7xx_hal_msp.o
 .debug_frame   0x0000000000000154      0x15c ./Core/Src/stm32h7xx_it.o
 .debug_frame   0x00000000000002b0       0x7c ./Core/Src/tim.o
 .debug_frame   0x000000000000032c      0x8c8 ./Drivers/STM32H7xx_HAL_Driver/stm32h7xx_hal.o
 .debug_frame   0x0000000000000bf4      0x4b8 ./Drivers/STM32H7xx_HAL_Driver/stm32h7xx_hal_cortex.o
 .debug_frame   0x00000000000010ac      0x14c ./Drivers/STM32H7xx_HAL_Driver/stm32h7xx_hal_gpio.o
 .debug_frame   0x00000000000011f8      0x1bc ./Drivers/STM32H7xx_HAL_Driver/stm32h7xx_hal_hsem.o
 .debug_frame   0x00000000000013b4      0x5ec ./Drivers/STM32H7xx_HAL_Driver/stm32h7xx_hal_pwr_ex.o
 .debug_frame   0x00000000000019a0      0x1f8 ./Drivers/STM32H7xx_HAL_Driver/stm32h7xx_hal_rcc.o
 .debug_frame   0x0000000000001b98     0x1218 ./Drivers/STM32H7xx_HAL_Driver/stm32h7xx_hal_tim.o
 .debug_frame   0x0000000000002db0      0x6d8 ./Drivers/STM32H7xx_HAL_Driver/stm32h7xx_hal_tim_ex.o
 .debug_frame   0x0000000000003488       0x2c c:/st/stm32cubeide_1.10.1/stm32cubeide/plugins/com.st.stm32cube.ide.mcu.externaltools.gnu-tools-for-stm32.10.3-2021.10.win32_1.0.0.202111181127/tools/bin/../lib/gcc/arm-none-eabi/10.3.1/../../../../arm-none-eabi/lib/thumb/v7e-m+fp/hard\libc_nano.a(lib_a-init.o)
